[1m[36m**** data_with_greeting - Starting *********************************************
[1m[32mvvvv echo_task - dev1.group_1 ** changed: False vvvvvvvvvvvvvvvvvvvvvvvvvvvvvvvv INFO
Hello from Nornir
[1m[32m^^^^^^^^^^^^^^^^^^^^^^^^^^^^^^^^^^^^^^^^^^^^^^^^^^^^^^^^^^^^^^^^^^^^^^^^^^^^^^^^
[1m[32mvvvv load_data - dev1.group_1 ** changed: False vvvvvvvvvvvvvvvvvvvvvvvvvvvvvvvv INFO
{'os': 'Linux', 'services': ['http', 'smtp', 'dns']}
[1m[32m^^^^^^^^^^^^^^^^^^^^^^^^^^^^^^^^^^^^^^^^^^^^^^^^^^^^^^^^^^^^^^^^^^^^^^^^^^^^^^^^
[1m[32mvvvv data_with_greeting - dev1.group_1 ** changed: False vvvvvvvvvvvvvvvvvvvvvvv INFO
None
[1m[32m^^^^^^^^^^^^^^^^^^^^^^^^^^^^^^^^^^^^^^^^^^^^^^^^^^^^^^^^^^^^^^^^^^^^^^^^^^^^^^^^
[1m[32mvvvv echo_task - dev2.group_1 ** changed: False vvvvvvvvvvvvvvvvvvvvvvvvvvvvvvvv INFO
Hello from Nornir
[1m[32m^^^^^^^^^^^^^^^^^^^^^^^^^^^^^^^^^^^^^^^^^^^^^^^^^^^^^^^^^^^^^^^^^^^^^^^^^^^^^^^^
[1m[32mvvvv load_data - dev2.group_1 ** changed: False vvvvvvvvvvvvvvvvvvvvvvvvvvvvvvvv INFO
{'os': 'Linux', 'services': ['http', 'smtp', 'dns']}
[1m[32m^^^^^^^^^^^^^^^^^^^^^^^^^^^^^^^^^^^^^^^^^^^^^^^^^^^^^^^^^^^^^^^^^^^^^^^^^^^^^^^^
[1m[32mvvvv data_with_greeting - dev2.group_1 ** changed: False vvvvvvvvvvvvvvvvvvvvvvv INFO
None
[1m[32m^^^^^^^^^^^^^^^^^^^^^^^^^^^^^^^^^^^^^^^^^^^^^^^^^^^^^^^^^^^^^^^^^^^^^^^^^^^^^^^^
[1m[32mvvvv echo_task - dev3.group_2 ** changed: False vvvvvvvvvvvvvvvvvvvvvvvvvvvvvvvv INFO
Hello from Nornir
[1m[32m^^^^^^^^^^^^^^^^^^^^^^^^^^^^^^^^^^^^^^^^^^^^^^^^^^^^^^^^^^^^^^^^^^^^^^^^^^^^^^^^
[1m[32mvvvv load_data - dev3.group_2 ** changed: False vvvvvvvvvvvvvvvvvvvvvvvvvvvvvvvv INFO
{'os': 'Linux', 'services': ['http', 'smtp', 'dns']}
[1m[32m^^^^^^^^^^^^^^^^^^^^^^^^^^^^^^^^^^^^^^^^^^^^^^^^^^^^^^^^^^^^^^^^^^^^^^^^^^^^^^^^
[1m[32mvvvv data_with_greeting - dev3.group_2 ** changed: False vvvvvvvvvvvvvvvvvvvvvvv INFO
None
[1m[32m^^^^^^^^^^^^^^^^^^^^^^^^^^^^^^^^^^^^^^^^^^^^^^^^^^^^^^^^^^^^^^^^^^^^^^^^^^^^^^^^
[1m[32mvvvv echo_task - dev4.group_2 ** changed: False vvvvvvvvvvvvvvvvvvvvvvvvvvvvvvvv INFO
Hello from Nornir
[1m[32m^^^^^^^^^^^^^^^^^^^^^^^^^^^^^^^^^^^^^^^^^^^^^^^^^^^^^^^^^^^^^^^^^^^^^^^^^^^^^^^^
[1m[32mvvvv load_data - dev4.group_2 ** changed: False vvvvvvvvvvvvvvvvvvvvvvvvvvvvvvvv INFO
{'os': 'Linux', 'services': ['http', 'smtp', 'dns']}
[1m[32m^^^^^^^^^^^^^^^^^^^^^^^^^^^^^^^^^^^^^^^^^^^^^^^^^^^^^^^^^^^^^^^^^^^^^^^^^^^^^^^^
[1m[32mvvvv data_with_greeting - dev4.group_2 ** changed: False vvvvvvvvvvvvvvvvvvvvvvv INFO
None
[1m[32m^^^^^^^^^^^^^^^^^^^^^^^^^^^^^^^^^^^^^^^^^^^^^^^^^^^^^^^^^^^^^^^^^^^^^^^^^^^^^^^^
[1m[32mvvvv echo_task - dev5.no_group ** changed: False vvvvvvvvvvvvvvvvvvvvvvvvvvvvvvv INFO
Hello from Nornir
[1m[32m^^^^^^^^^^^^^^^^^^^^^^^^^^^^^^^^^^^^^^^^^^^^^^^^^^^^^^^^^^^^^^^^^^^^^^^^^^^^^^^^
[1m[32mvvvv load_data - dev5.no_group ** changed: False vvvvvvvvvvvvvvvvvvvvvvvvvvvvvvv INFO
{'os': 'Linux', 'services': ['http', 'smtp', 'dns']}
[1m[32m^^^^^^^^^^^^^^^^^^^^^^^^^^^^^^^^^^^^^^^^^^^^^^^^^^^^^^^^^^^^^^^^^^^^^^^^^^^^^^^^
[1m[32mvvvv data_with_greeting - dev5.no_group ** changed: False vvvvvvvvvvvvvvvvvvvvvv INFO
None
[1m[32m^^^^^^^^^^^^^^^^^^^^^^^^^^^^^^^^^^^^^^^^^^^^^^^^^^^^^^^^^^^^^^^^^^^^^^^^^^^^^^^^
[1m[36m**** data_with_greeting - Completed ********************************************
