dbservers:
  groups:
  - servers
  my_var: from_dbservers
  my_yet_another_var: from_dbservers
defaults:
  my_other_var: from_all
  my_var: from_all
frontend:
  groups: []
servers:
  escape_pods: 2
  groups: []
  halon_system_timeout: 30
  self_destruct_countdown: 60
  some_server: foo.southeast.example.com
webservers:
  groups:
  - servers
