bar.example.com:
  groups:
  - webservers
foo.example.com:
  groups:
  - frontend
  - webservers
one.example.com:
  groups:
  - dbservers
  my_var: from_one.example.com
three.example.com:
  hostname: 192.0.2.50
  port: 5555
  groups:
  - dbservers
two.example.com:
  groups:
  - dbservers
  my_var: from_hostfile
  whatever: asdasd
