[1m[36mecho_task***********************************************************************
[1m[34m* dev1.group_1 ** changed : False **********************************************
[1m[32mvvvv echo_task ** changed : False vvvvvvvvvvvvvvvvvvvvvvvvvvvvvvvvvvvvvvvvvvvvvv INFO
Hello from Brigade
[1m[32m^^^^ END echo_task ^^^^^^^^^^^^^^^^^^^^^^^^^^^^^^^^^^^^^^^^^^^^^^^^^^^^^^^^^^^^^
