[1m[32mvvvv data_with_greeting ** changed : False vvvvvvvvvvvvvvvvvvvvvvvvvvvvvvvvvvvvv INFO
[1m[32m---- echo_task ** changed : False ---------------------------------------------- INFO
Hello from Brigade
[1m[32m---- load_yaml ** changed : False ---------------------------------------------- INFO
{'os': 'Linux', 'services': ['http', 'smtp', 'dns']}
[1m[32m^^^^ END data_with_greeting ^^^^^^^^^^^^^^^^^^^^^^^^^^^^^^^^^^^^^^^^^^^^^^^^^^^^
