[1m[36mecho_task***********************************************************************
[1m[34m* dev1.group_1 ** changed : False **********************************************
[1m[32mvvvv echo_task ** changed : False vvvvvvvvvvvvvvvvvvvvvvvvvvvvvvvvvvvvvvvvvvvvvv INFO
Hello from Nornir
[1m[32m^^^^ END echo_task ^^^^^^^^^^^^^^^^^^^^^^^^^^^^^^^^^^^^^^^^^^^^^^^^^^^^^^^^^^^^^
[1m[34m* dev2.group_1 ** changed : False **********************************************
[1m[32mvvvv echo_task ** changed : False vvvvvvvvvvvvvvvvvvvvvvvvvvvvvvvvvvvvvvvvvvvvvv INFO
Hello from Nornir
[1m[32m^^^^ END echo_task ^^^^^^^^^^^^^^^^^^^^^^^^^^^^^^^^^^^^^^^^^^^^^^^^^^^^^^^^^^^^^
[1m[34m* dev3.group_2 ** changed : False **********************************************
[1m[32mvvvv echo_task ** changed : False vvvvvvvvvvvvvvvvvvvvvvvvvvvvvvvvvvvvvvvvvvvvvv INFO
Hello from Nornir
[1m[32m^^^^ END echo_task ^^^^^^^^^^^^^^^^^^^^^^^^^^^^^^^^^^^^^^^^^^^^^^^^^^^^^^^^^^^^^
[1m[34m* dev4.group_2 ** changed : False **********************************************
[1m[32mvvvv echo_task ** changed : False vvvvvvvvvvvvvvvvvvvvvvvvvvvvvvvvvvvvvvvvvvvvvv INFO
Hello from Nornir
[1m[32m^^^^ END echo_task ^^^^^^^^^^^^^^^^^^^^^^^^^^^^^^^^^^^^^^^^^^^^^^^^^^^^^^^^^^^^^
[1m[34m* dev5.no_group ** changed : False *********************************************
[1m[32mvvvv echo_task ** changed : False vvvvvvvvvvvvvvvvvvvvvvvvvvvvvvvvvvvvvvvvvvvvvv INFO
Hello from Nornir
[1m[32m^^^^ END echo_task ^^^^^^^^^^^^^^^^^^^^^^^^^^^^^^^^^^^^^^^^^^^^^^^^^^^^^^^^^^^^^
