[1m[32m---- echo_task ** changed : False ---------------------------------------------- INFO
Hello from Brigade
