[1m[36mread_data***********************************************************************
[1m[34m* dev1.group_1 ** changed : True ***********************************************
[1m[33mvvvv read_data ** changed : True vvvvvvvvvvvvvvvvvvvvvvvvvvvvvvvvvvvvvvvvvvvvvvv INFO
[1, 2, 3]
[1m[32m---- echo_task ** changed : False ---------------------------------------------- INFO
Hello from Brigade
[1m[32m---- load_yaml ** changed : False ---------------------------------------------- INFO
{ 'changed': True, 'data': [1, 2, 3]}
[1m[33m^^^^ END read_data ^^^^^^^^^^^^^^^^^^^^^^^^^^^^^^^^^^^^^^^^^^^^^^^^^^^^^^^^^^^^^
[1m[34m* dev2.group_1 ** changed : False **********************************************
[1m[32mvvvv read_data ** changed : False vvvvvvvvvvvvvvvvvvvvvvvvvvvvvvvvvvvvvvvvvvvvvv INFO
[3, 4, 5]
[1m[32m---- echo_task ** changed : False ---------------------------------------------- INFO
Hello from Brigade
[1m[32m---- load_yaml ** changed : False ---------------------------------------------- INFO
{ 'changed': False, 'data': [3, 4, 5]}
[1m[32m^^^^ END read_data ^^^^^^^^^^^^^^^^^^^^^^^^^^^^^^^^^^^^^^^^^^^^^^^^^^^^^^^^^^^^^
