connection_options: {}
data:
  ansible_connection: network_cli
  ansible_network_os: ios
  ansible_python_interpreter: python
  ansible_ssh_common_args: -o ProxyCommand="ssh -W %h:%p -p 10000 guest@10.105.152.50"
  env: staging
hostname: null
password: null
platform: null
port: null
username: null
